// Jest Snapshot v1, https://goo.gl/fbAQLP

exports[`Should render DropdownItem correctly 1`] = `
<li
  onClick={[Function]}
>
  <span />
</li>
`;

exports[`Should render correctly 1`] = `
<div>
  <img
    onClick={[Function]}
    src=""
  />
  <ClickOutside
    onClickOutside={[Function]}
  />
</div>
`;
